------------------------------------------------------------
TimeQuest Timing Analyzer Summary
------------------------------------------------------------

Type  : Slow 1100mV 85C Model Setup 'CLOCK_50'
Slack : -1.591
TNS   : -71.697

Type  : Slow 1100mV 85C Model Hold 'CLOCK_50'
Slack : 0.306
TNS   : 0.000

Type  : Slow 1100mV 85C Model Minimum Pulse Width 'CLOCK_50'
Slack : -0.394
TNS   : -51.386

Type  : Slow 1100mV 0C Model Setup 'CLOCK_50'
Slack : -1.598
TNS   : -70.492

Type  : Slow 1100mV 0C Model Hold 'CLOCK_50'
Slack : 0.294
TNS   : 0.000

Type  : Slow 1100mV 0C Model Minimum Pulse Width 'CLOCK_50'
Slack : -0.394
TNS   : -46.672

Type  : Fast 1100mV 85C Model Setup 'CLOCK_50'
Slack : -0.400
TNS   : -12.335

Type  : Fast 1100mV 85C Model Hold 'CLOCK_50'
Slack : 0.176
TNS   : 0.000

Type  : Fast 1100mV 85C Model Minimum Pulse Width 'CLOCK_50'
Slack : -0.399
TNS   : -34.635

Type  : Fast 1100mV 0C Model Setup 'CLOCK_50'
Slack : -0.324
TNS   : -8.542

Type  : Fast 1100mV 0C Model Hold 'CLOCK_50'
Slack : 0.160
TNS   : 0.000

Type  : Fast 1100mV 0C Model Minimum Pulse Width 'CLOCK_50'
Slack : -0.435
TNS   : -41.307

------------------------------------------------------------
