------------------------------------------------------------
TimeQuest Timing Analyzer Summary
------------------------------------------------------------

Type  : Slow 1100mV 85C Model Setup 'CLOCK_50'
Slack : -3.708
TNS   : -178.314

Type  : Slow 1100mV 85C Model Setup 'divclk:DIV|clk_out'
Slack : -3.099
TNS   : -40.828

Type  : Slow 1100mV 85C Model Hold 'CLOCK_50'
Slack : 0.370
TNS   : 0.000

Type  : Slow 1100mV 85C Model Hold 'divclk:DIV|clk_out'
Slack : 0.721
TNS   : 0.000

Type  : Slow 1100mV 85C Model Minimum Pulse Width 'divclk:DIV|clk_out'
Slack : -2.174
TNS   : -68.098

Type  : Slow 1100mV 85C Model Minimum Pulse Width 'CLOCK_50'
Slack : -0.749
TNS   : -65.825

Type  : Slow 1100mV 0C Model Setup 'CLOCK_50'
Slack : -3.330
TNS   : -168.772

Type  : Slow 1100mV 0C Model Setup 'divclk:DIV|clk_out'
Slack : -3.157
TNS   : -41.743

Type  : Slow 1100mV 0C Model Hold 'CLOCK_50'
Slack : 0.158
TNS   : 0.000

Type  : Slow 1100mV 0C Model Hold 'divclk:DIV|clk_out'
Slack : 0.751
TNS   : 0.000

Type  : Slow 1100mV 0C Model Minimum Pulse Width 'divclk:DIV|clk_out'
Slack : -2.174
TNS   : -67.943

Type  : Slow 1100mV 0C Model Minimum Pulse Width 'CLOCK_50'
Slack : -0.775
TNS   : -59.885

Type  : Fast 1100mV 85C Model Setup 'CLOCK_50'
Slack : -3.250
TNS   : -103.661

Type  : Fast 1100mV 85C Model Setup 'divclk:DIV|clk_out'
Slack : -1.303
TNS   : -15.611

Type  : Fast 1100mV 85C Model Hold 'CLOCK_50'
Slack : 0.181
TNS   : 0.000

Type  : Fast 1100mV 85C Model Hold 'divclk:DIV|clk_out'
Slack : 0.435
TNS   : 0.000

Type  : Fast 1100mV 85C Model Minimum Pulse Width 'divclk:DIV|clk_out'
Slack : -2.174
TNS   : -68.124

Type  : Fast 1100mV 85C Model Minimum Pulse Width 'CLOCK_50'
Slack : -0.809
TNS   : -44.093

Type  : Fast 1100mV 0C Model Setup 'CLOCK_50'
Slack : -2.637
TNS   : -84.234

Type  : Fast 1100mV 0C Model Setup 'divclk:DIV|clk_out'
Slack : -1.242
TNS   : -14.989

Type  : Fast 1100mV 0C Model Hold 'CLOCK_50'
Slack : 0.173
TNS   : 0.000

Type  : Fast 1100mV 0C Model Hold 'divclk:DIV|clk_out'
Slack : 0.429
TNS   : 0.000

Type  : Fast 1100mV 0C Model Minimum Pulse Width 'divclk:DIV|clk_out'
Slack : -2.174
TNS   : -67.958

Type  : Fast 1100mV 0C Model Minimum Pulse Width 'CLOCK_50'
Slack : -0.825
TNS   : -52.339

------------------------------------------------------------
